(delay (lam case_True_247 (lam case_False_248 case_False_248)))